slice  face_top  NW NE SE SW  sand%  note
    1         1   g  g  g  g     0  cube(14)
    2         0   g  g  g  g     0  cube(15)
    3         1   g  g  g  g     0  cube(14)
    4         2   S  S  g  S    56  cube(13)
    5         3   g  S  S  S    67  cube(12)
    6         2   S  S  S  S    92  cube(13)
    7         2   S  S  S  S    91  cube(13)
    8         2   S  S  S  S    87  cube(13)
    9         2   S  S  S  S    86  cube(13)
   10         2   S  S  S  S    84  cube(13)
   11         2   S  S  S  S    80  cube(13)
   12         2   S  S  S  S    82  cube(13)
   13         2   S  S  S  S    79  cube(13)
   14         2   S  S  S  S    87  cube(13)
   15         2   S  S  S  S    94  cube(13)
   16         0   S  g  ?  S    50  cube(15)
   17         2   S  S  S  g    60  cube(13)
   18         1   g  g  g  g     0  cube(14)
   19         0   g  g  g  g     0  cube(15)
   20         0   g  g  g  g     0  cube(15)
   21         1   g  g  g  g     0  cube(13)
   22         1   g  g  g  g     0  cube(13)
   23         1   g  g  g  g     0  cube(13)
   24         2   S  S  S  S   100  cube(13)
   25         2   S  S  S  S   100  cube(13)
   26         2   S  g  g  S    27  cube(13)
   27         2   S  S  g  g    33  cube(13)
   28         2   S  S  S  S    65  cube(13)
   29         1   g  g  ?  ?    35  cube(14)
   30         1   g  S  S  g    36  cube(14)
   31         1   S  S  S  S   100  cube(13)
   32         3   g  g  g  g     0  cube(12)
   33         3   S  S  S  S   100  cube(12)
   34         0   S  S  S  S   100  cube(15)
   35         0   S  S  S  S   100  cube(15)
   36         0   g  g  g  g     0  cube(15)
   37        10   g  g  g  g     0  cube(5)
   38         9   g  g  g  g     0  cube(6)
   39         2   g  g  g  g     0  cube(13)
   40         4   g  g  g  g     0  cube(11)
   41         1   g  g  g  g     0  cube(14)
   42         1   S  S  S  S   100  cube(14)
   43        10   g  g  g  g     0  cube(5)
   44         2   S  S  S  S   100  cube(13)
   45        10   g  g  g  g     0  cube(5)
   46        10   g  g  g  g     0  cube(5)
   47        10   g  g  g  g     0  cube(5)
   48         2   S  S  S  S    91  cube(13)
   49         2   S  S  S  S   100  cube(13)
   50         2   S  S  S  S   100  cube(13)
   51         2   S  g  g  S    47  cube(13)
   52        13   S  S  S  S   100  slab
   53        13   S  S  S  S   100  slab
   54        13   S  S  S  S   100  slab
   55        13   S  S  S  S   100  slab
   56        13   S  S  S  S   100  slab
   57        13   S  S  S  S   100  slab
   58        13   S  S  S  S   100  slab
   59        13   S  S  S  S   100  slab
   60        13   S  S  S  S   100  slab
   61        13   S  S  S  S   100  slab
   62        13   S  S  S  S   100  slab
   63        13   S  S  S  S   100  slab
   64        13   S  S  S  S   100  slab
   65        13   S  S  S  S   100  slab
   66        13   S  S  S  S   100  slab
   67        13   S  S  S  S   100  slab
   68        13   S  S  S  S   100  slab
   69         4   g  g  g  g     0  cube(11)
   70         4   g  g  g  g     0  cube(11)
   71         5   g  g  g  g     0  cube(10)
   72         4   g  g  g  g     0  cube(11)
   73         4   g  g  g  g     0  cube(11)
   74         4   g  g  g  g     0  cube(11)
   75         4   g  g  g  g     0  cube(11)
   76         4   g  g  g  g     0  cube(11)
   77         4   g  g  g  g     0  cube(11)
   78         4   g  g  g  g     0  cube(11)
   79         4   g  g  g  g     0  cube(11)
   80         4   g  g  g  g     0  cube(11)
   81         4   g  g  g  g     0  cube(11)
   82         4   g  g  g  g     0  cube(11)
   83         4   g  g  g  g     0  cube(11)
   84         4   g  g  g  g     0  cube(11)
   85         4   g  g  g  g     0  cube(11)
   86         4   g  g  g  g     0  cube(11)
   87         4   g  g  g  g     0  cube(11)
   88         4   g  g  g  g     0  cube(11)
